Microchip MPLAB XC8 Compiler V2.32

Linker command line:

-W-3 --edf=C:\Program Files\Microchip\xc8\v2.32\pic\dat\en_msgs.txt -cn \
  -h+dist/default/production\Serial_LightMatrix_Project.X.production.sym \
  --cmf=dist/default/production\Serial_LightMatrix_Project.X.production.cmf \
  -z -Q16F690 -oC:\Users\X1\AppData\Local\Temp\xcAs5qo.4 \
  --defsym=__MPLAB_BUILD=1 \
  -Mdist/default/production/Serial_LightMatrix_Project.X.production.map -E1 \
  -ver=XC8 Compiler --acfsm=1493 -ASTACK=020h-06Fh -pstack=STACK \
  -ACODE=00h-07FFhx2 -ASTRCODE=00h-0FFFh -ASTRING=00h-0FFhx16 \
  -ACONST=00h-0FFhx16 -AENTRY=00h-0FFhx16 -ACOMMON=070h-07Fh \
  -ABANK0=020h-06Fh -ABANK1=0A0h-0EFh -ABANK2=0120h-016Fh \
  -ARAM=020h-06Fh,0A0h-0EFh,0120h-016Fh \
  -AABS1=020h-07Fh,0A0h-0EFh,0120h-016Fh -ASFR0=00h-01Fh -ASFR1=080h-09Fh \
  -ASFR2=0100h-011Fh -ASFR3=0180h-01EFh -ACONFIG=02007h-02007h -DCONFIG=2 \
  -AIDLOC=02000h-02003h -DIDLOC=2 -AEEDATA=00h-0FFh/02100h \
  -peeprom_data=EEDATA -DEEDATA=2 -DCODE=2 -DSTRCODE=2 -DSTRING=2 -DCONST=2 \
  -DENTRY=2 -preset_vec=00h,intentry,init,end_init -ppowerup=CODE \
  -pcinit=CODE -pfunctab=ENTRY -k C:\Users\X1\AppData\Local\Temp\xcAs5qo.o \
  dist/default/production\Serial_LightMatrix_Project.X.production.o 

Object code version is 3.11

Machine type is 16F690



                Name                               Link     Load   Length Selector   Space Scale
C:\Users\X1\AppData\Local\Temp\xcAs5qo.o
                end_init                              0        0        2        0       0
                config                             2007     2007        1        0       4
dist/default/production\Serial_LightMatrix_Project.X.production.o
                cinit                               7F5      7F5        B      FEA       0
                config                             2007     2007        1        0       4
                text5                               641      641        A      C82       0
                text4                               663      663       19      CC6       0
                text3                               69E      69E       71      D3C       0
                text2                               67C      67C       22      CF8       0
                text1                               64B      64B       18      C96       0
                maintext                            70F      70F       E6      E1E       0
                cstackCOMMON                         70       70        9       70       1
                dataCOMMON                           79       79        2       70       1
                strings                               2        2       84        4       0
                idataCOMMON                         63F      63F        2      C7E       0

TOTAL           Name                               Link     Load   Length     Space
        CLASS   STACK          

        CLASS   CODE           
                end_init                              0        0        2         0
                cinit                               7F5      7F5        B         0
                text5                               641      641        A         0
                text4                               663      663       19         0
                text3                               69E      69E       71         0
                text2                               67C      67C       22         0
                text1                               64B      64B       18         0
                maintext                            70F      70F       E6         0
                idataCOMMON                         63F      63F        2         0

        CLASS   STRCODE        

        CLASS   STRING         
                strings                               2        2       84         0

        CLASS   CONST          

        CLASS   ENTRY          

        CLASS   COMMON         
                cstackCOMMON                         70       70        9         1
                dataCOMMON                           79       79        2         1

        CLASS   BANK0          

        CLASS   BANK1          

        CLASS   BANK2          

        CLASS   RAM            

        CLASS   ABS1           
                abs_s1                               7E       7E        2         1

        CLASS   SFR0           

        CLASS   SFR1           

        CLASS   SFR2           

        CLASS   SFR3           

        CLASS   CONFIG         
                config                             2007     2007        1         4

        CLASS   IDLOC          

        CLASS   EEDATA         

        CLASS   BANK3          



SEGMENTS        Name                           Load    Length   Top    Selector   Space  Class     Delta

                reset_vec                      000000  000002  000002         0       0  CODE        2
                strings                        000002  000084  000086         4       0  STRING      2
                cstackCOMMON                   000070  00000B  00007B        70       1  COMMON      1
                idataCOMMON                    00063F  000002  000641       C7E       0  CODE        2
                text5                          000641  00000A  00064B       C82       0  CODE        2
                text1                          00064B  000018  000663       C96       0  CODE        2
                text4                          000663  000019  00067C       CC6       0  CODE        2
                text2                          00067C  000022  00069E       CF8       0  CODE        2
                text3                          00069E  000071  00070F       D3C       0  CODE        2
                maintext                       00070F  0000E6  0007F5       E1E       0  CODE        2
                cinit                          0007F5  00000B  000800       FEA       0  CODE        2


UNUSED ADDRESS RANGES

        Name                Unused          Largest block    Delta
        BANK0            0020-006F             50           1
        BANK1            00A0-00EF             50           1
        BANK2            0120-016F             50           1
        CODE             0086-063E            5B9           2
                         0800-0FFF            800
        COMMON           007B-007D              3           1
        CONST            0086-063E            100           2
                         0800-0FFF            100
        EEDATA           2100-21FF            100           2
        ENTRY            0086-063E            100           2
                         0800-0FFF            100
        IDLOC            2000-2003              4           2
        RAM              0020-006F             50           1
                         00A0-00EF             50
                         0120-016F             50
        SFR0             0000-001F             20           1
        SFR1             0080-009F             20           1
        SFR2             0100-011F             20           1
        SFR3             0180-01EF             70           1
        STACK            0020-006F             50           1
        STRCODE          0086-063E            5B9           2
                         0800-0FFF            800
        STRING           0086-063E            100           2
                         0800-0FFF            100

                                  Symbol Table

UART_send_char@bt          cstackCOMMON 0070
UART_send_string@st_pt     cstackCOMMON 0072
_BAUDCTL                   (abs)        009B
_BAUDCTLbits               (abs)        009B
_INTCON                    (abs)        000B
_OSCCON                    (abs)        008F
_PIE1                      (abs)        008C
_PIR1bits                  (abs)        000C
_PORTC                     (abs)        0007
_RCREG                     (abs)        001A
_RCSTA                     (abs)        0018
_RCSTAbits                 (abs)        0018
_SPBRG                     (abs)        0099
_TRISB                     (abs)        0086
_TRISC                     (abs)        0087
_TXREG                     (abs)        0019
_TXSTA                     (abs)        0098
_UART_Buffer               dataCOMMON   007A
_UART_get_char             text3        069E
_UART_send_char            text5        0641
_UART_send_string          text4        0663
__Habs1                    abs1         0000
__Hbank0                   bank0        0000
__Hbank1                   bank1        0000
__Hbank2                   bank2        0000
__Hbank3                   bank3        0000
__Hcinit                   cinit        0800
__Hclrtext                 clrtext      0000
__Hcode                    code         0000
__Hcommon                  common       0000
__Hconfig                  config       2008
__HcstackCOMMON            cstackCOMMON 0000
__HdataCOMMON              dataCOMMON   0000
__Heeprom_data             eeprom_data  0000
__Hend_init                end_init     0002
__Hfunctab                 functab      0000
__HidataCOMMON             idataCOMMON  0000
__Hinit                    init         0000
__Hintentry                intentry     0000
__Hmaintext                maintext     0000
__Hpowerup                 powerup      0000
__Hram                     ram          0000
__Hreset_vec               reset_vec    0000
__Hsfr0                    sfr0         0000
__Hsfr1                    sfr1         0000
__Hsfr2                    sfr2         0000
__Hsfr3                    sfr3         0000
__Hspace_0                 (abs)        0800
__Hspace_1                 (abs)        007B
__Hspace_2                 (abs)        0000
__Hspace_3                 (abs)        0000
__Hspace_4                 (abs)        400F
__Hstack                   stack        0000
__Hstrings                 strings      0000
__Htext                    text         0000
__Labs1                    abs1         0000
__Lbank0                   bank0        0000
__Lbank1                   bank1        0000
__Lbank2                   bank2        0000
__Lbank3                   bank3        0000
__Lcinit                   cinit        07F5
__Lclrtext                 clrtext      0000
__Lcode                    code         0000
__Lcommon                  common       0000
__Lconfig                  config       0000
__LcstackCOMMON            cstackCOMMON 0000
__LdataCOMMON              dataCOMMON   0000
__Leeprom_data             eeprom_data  0000
__Lend_init                end_init     0000
__Lfunctab                 functab      0000
__LidataCOMMON             idataCOMMON  0000
__Linit                    init         0000
__Lintentry                intentry     0000
__Lmaintext                maintext     0000
__Lpowerup                 powerup      0000
__Lram                     ram          0000
__Lreset_vec               reset_vec    0000
__Lsfr0                    sfr0         0000
__Lsfr1                    sfr1         0000
__Lsfr2                    sfr2         0000
__Lsfr3                    sfr3         0000
__Lspace_0                 (abs)        0000
__Lspace_1                 (abs)        0000
__Lspace_2                 (abs)        0000
__Lspace_3                 (abs)        0000
__Lspace_4                 (abs)        0000
__Lstack                   stack        0000
__Lstrings                 strings      0000
__Ltext                    text         0000
__S0                       (abs)        0800
__S1                       (abs)        007B
__S2                       (abs)        0000
__S3                       (abs)        0000
___int_sp                  stack        0000
___latbits                 (abs)        0001
___sp                      stack        0000
___stackhi                 (abs)        0000
___stacklo                 (abs)        0000
__end_of_UART_get_char     text3        070F
__end_of_UART_send_char    text5        064B
__end_of_UART_send_string  text4        067C
__end_of__initialization   cinit        07FD
__end_of__stringtab        strings      0008
__end_of_flash_red         text2        069E
__end_of_initiate          text1        0663
__end_of_main              maintext     07F5
__initialization           cinit        07F5
__pcstackCOMMON            cstackCOMMON 0070
__pdataCOMMON              dataCOMMON   0079
__pidataCOMMON             idataCOMMON  063F
__pmaintext                maintext     070F
__pstrings                 strings      0002
__ptext1                   text1        064B
__ptext2                   text2        067C
__ptext3                   text3        069E
__ptext4                   text4        0663
__ptext5                   text5        0641
__size_of_UART_get_char    (abs)        0000
__size_of_UART_send_char   (abs)        0000
__size_of_UART_send_string (abs)        0000
__size_of_flash_red        (abs)        0000
__size_of_initiate         (abs)        0000
__size_of_main             (abs)        0000
__stringbase               strings      0007
__stringtab                strings      0002
_flash_red                 text2        067C
_initiate                  text1        064B
_main                      maintext     070F
btemp                      (abs)        007E
end_of_initialization      cinit        07FD
intlevel0                  functab      0000
intlevel1                  functab      0000
intlevel2                  functab      0000
intlevel3                  functab      0000
intlevel4                  functab      0000
intlevel5                  functab      0000
reset_vec                  reset_vec    0000
start                      init         0000
start_initialization       cinit        07F5
wtemp0                     (abs)        007E


MODULE INFORMATION

Module		Function		Class		Link	Load	Size
Main.c
		_initiate      		CODE           	064B	0000	24
		_main          		CODE           	070F	0000	230
		_UART_get_char 		CODE           	069E	0000	113
		_flash_red     		CODE           	067C	0000	34
		_UART_send_string		CODE           	0663	0000	25
		_UART_send_char		CODE           	0641	0000	10

Main.c estimated size: 436

shared
		__stringtab    		STRING         	0002	0000	6
		__initialization		CODE           	07F5	0000	8

shared estimated size: 14

