Microchip MPLAB XC8 Compiler V2.32

Linker command line:

-W-3 --edf=C:\Program Files\Microchip\xc8\v2.32\pic\dat\en_msgs.txt -cn \
  -h+dist/default/production\Shift_Register_Testing.X.production.sym \
  --cmf=dist/default/production\Shift_Register_Testing.X.production.cmf -z \
  -Q16F690 -oC:\Users\X1\AppData\Local\Temp\xcAst4s.4 \
  --defsym=__MPLAB_BUILD=1 \
  -Mdist/default/production/Shift_Register_Testing.X.production.map -E1 \
  -ver=XC8 Compiler --acfsm=1493 -ASTACK=020h-06Fh -pstack=STACK \
  -ACODE=00h-07FFhx2 -ASTRCODE=00h-0FFFh -ASTRING=00h-0FFhx16 \
  -ACONST=00h-0FFhx16 -AENTRY=00h-0FFhx16 -ACOMMON=070h-07Fh \
  -ABANK0=020h-06Fh -ABANK1=0A0h-0EFh -ABANK2=0120h-016Fh \
  -ARAM=020h-06Fh,0A0h-0EFh,0120h-016Fh \
  -AABS1=020h-07Fh,0A0h-0EFh,0120h-016Fh -ASFR0=00h-01Fh -ASFR1=080h-09Fh \
  -ASFR2=0100h-011Fh -ASFR3=0180h-01EFh -ACONFIG=02007h-02007h -DCONFIG=2 \
  -AIDLOC=02000h-02003h -DIDLOC=2 -AEEDATA=00h-0FFh/02100h \
  -peeprom_data=EEDATA -DEEDATA=2 -DCODE=2 -DSTRCODE=2 -DSTRING=2 -DCONST=2 \
  -DENTRY=2 -preset_vec=00h,intentry,init,end_init -ppowerup=CODE \
  -pcinit=CODE -pfunctab=ENTRY -k C:\Users\X1\AppData\Local\Temp\xcAst4s.o \
  dist/default/production\Shift_Register_Testing.X.production.o 

Object code version is 3.11

Machine type is 16F690



                Name                               Link     Load   Length Selector   Space Scale
C:\Users\X1\AppData\Local\Temp\xcAst4s.o
                end_init                              0        0        2        0       0
                config                             2007     2007        1        0       4
dist/default/production\Shift_Register_Testing.X.production.o
                cinit                               7FD      7FD        3      FFA       0
                config                             2007     2007        1        0       4
                text8                               65F      65F       16      CBE       0
                text7                               645      645        7      C8A       0
                text6                               64C      64C        7      C98       0
                text5                               6B1      6B1       5A      D62       0
                text4                               675      675       16      CEA       0
                text3                               70B      70B       78      E16       0
                text2                               653      653        C      CA6       0
                text1                               783      783       7A      F06       0
                maintext                            68B      68B       26      D16       0
                cstackCOMMON                         70       70        B       70       1

TOTAL           Name                               Link     Load   Length     Space
        CLASS   STACK          

        CLASS   CODE           
                end_init                              0        0        2         0
                cinit                               7FD      7FD        3         0
                text8                               65F      65F       16         0
                text7                               645      645        7         0
                text6                               64C      64C        7         0
                text5                               6B1      6B1       5A         0
                text4                               675      675       16         0
                text3                               70B      70B       78         0
                text2                               653      653        C         0
                text1                               783      783       7A         0
                maintext                            68B      68B       26         0

        CLASS   STRCODE        

        CLASS   STRING         

        CLASS   CONST          

        CLASS   ENTRY          

        CLASS   COMMON         
                cstackCOMMON                         70       70        B         1

        CLASS   BANK0          

        CLASS   BANK1          

        CLASS   BANK2          

        CLASS   RAM            

        CLASS   ABS1           
                abs_s1                               7E       7E        2         1

        CLASS   SFR0           

        CLASS   SFR1           

        CLASS   SFR2           

        CLASS   SFR3           

        CLASS   CONFIG         
                config                             2007     2007        1         4

        CLASS   IDLOC          

        CLASS   EEDATA         

        CLASS   BANK3          



SEGMENTS        Name                           Load    Length   Top    Selector   Space  Class     Delta

                reset_vec                      000000  000002  000002         0       0  CODE        2
                cstackCOMMON                   000070  00000B  00007B        70       1  COMMON      1
                text7                          000645  000007  00064C       C8A       0  CODE        2
                text6                          00064C  000007  000653       C98       0  CODE        2
                text2                          000653  00000C  00065F       CA6       0  CODE        2
                text8                          00065F  000016  000675       CBE       0  CODE        2
                text4                          000675  000016  00068B       CEA       0  CODE        2
                maintext                       00068B  000026  0006B1       D16       0  CODE        2
                text5                          0006B1  00005A  00070B       D62       0  CODE        2
                text3                          00070B  000078  000783       E16       0  CODE        2
                text1                          000783  00007A  0007FD       F06       0  CODE        2
                cinit                          0007FD  000003  000800       FFA       0  CODE        2


UNUSED ADDRESS RANGES

        Name                Unused          Largest block    Delta
        BANK0            0020-006F             50           1
        BANK1            00A0-00EF             50           1
        BANK2            0120-016F             50           1
        CODE             0002-0644            643           2
                         0800-0FFF            800
        COMMON           007B-007D              3           1
        CONST            0002-0644            100           2
                         0800-0FFF            100
        EEDATA           2100-21FF            100           2
        ENTRY            0002-0644            100           2
                         0800-0FFF            100
        IDLOC            2000-2003              4           2
        RAM              0020-006F             50           1
                         00A0-00EF             50
                         0120-016F             50
        SFR0             0000-001F             20           1
        SFR1             0080-009F             20           1
        SFR2             0100-011F             20           1
        SFR3             0180-01EF             70           1
        STACK            0020-006F             50           1
        STRCODE          0002-0644            643           2
                         0800-0FFF            800
        STRING           0002-0644            100           2
                         0800-0FFF            100

                                  Symbol Table

_OSCCON                      (abs)        008F
_PORTBbits                   (abs)        0006
_PORTCbits                   (abs)        0007
_TRISB                       (abs)        0086
_TRISC                       (abs)        0087
__Habs1                      abs1         0000
__Hbank0                     bank0        0000
__Hbank1                     bank1        0000
__Hbank2                     bank2        0000
__Hbank3                     bank3        0000
__Hcinit                     cinit        0800
__Hclrtext                   clrtext      0000
__Hcode                      code         0000
__Hcommon                    common       0000
__Hconfig                    config       2008
__HcstackCOMMON              cstackCOMMON 0000
__Heeprom_data               eeprom_data  0000
__Hend_init                  end_init     0002
__Hfunctab                   functab      0000
__Hinit                      init         0000
__Hintentry                  intentry     0000
__Hmaintext                  maintext     0000
__Hpowerup                   powerup      0000
__Hram                       ram          0000
__Hreset_vec                 reset_vec    0000
__Hsfr0                      sfr0         0000
__Hsfr1                      sfr1         0000
__Hsfr2                      sfr2         0000
__Hsfr3                      sfr3         0000
__Hspace_0                   (abs)        0800
__Hspace_1                   (abs)        007B
__Hspace_2                   (abs)        0000
__Hspace_3                   (abs)        0000
__Hspace_4                   (abs)        400F
__Hstack                     stack        0000
__Hstrings                   strings      0000
__Htext                      text         0000
__Labs1                      abs1         0000
__Lbank0                     bank0        0000
__Lbank1                     bank1        0000
__Lbank2                     bank2        0000
__Lbank3                     bank3        0000
__Lcinit                     cinit        07FD
__Lclrtext                   clrtext      0000
__Lcode                      code         0000
__Lcommon                    common       0000
__Lconfig                    config       0000
__LcstackCOMMON              cstackCOMMON 0000
__Leeprom_data               eeprom_data  0000
__Lend_init                  end_init     0000
__Lfunctab                   functab      0000
__Linit                      init         0000
__Lintentry                  intentry     0000
__Lmaintext                  maintext     0000
__Lpowerup                   powerup      0000
__Lram                       ram          0000
__Lreset_vec                 reset_vec    0000
__Lsfr0                      sfr0         0000
__Lsfr1                      sfr1         0000
__Lsfr2                      sfr2         0000
__Lsfr3                      sfr3         0000
__Lspace_0                   (abs)        0000
__Lspace_1                   (abs)        0000
__Lspace_2                   (abs)        0000
__Lspace_3                   (abs)        0000
__Lspace_4                   (abs)        0000
__Lstack                     stack        0000
__Lstrings                   strings      0000
__Ltext                      text         0000
__S0                         (abs)        0800
__S1                         (abs)        007B
__S2                         (abs)        0000
__S3                         (abs)        0000
___int_sp                    stack        0000
___latbits                   (abs)        0001
___sp                        stack        0000
___stackhi                   (abs)        0000
___stacklo                   (abs)        0000
__end_of__initialization     cinit        07FD
__end_of_green_arrow         text3        0783
__end_of_initiate            text2        065F
__end_of_input_data          text5        070B
__end_of_input_high          text7        064C
__end_of_input_low           text6        0653
__end_of_latch_output        text4        068B
__end_of_main                maintext     06B1
__end_of_red_arrow           text1        07FD
__end_of_serial_clock_pulse  text8        0675
__initialization             cinit        07FD
__pcstackCOMMON              cstackCOMMON 0070
__pmaintext                  maintext     068B
__ptext1                     text1        0783
__ptext2                     text2        0653
__ptext3                     text3        070B
__ptext4                     text4        0675
__ptext5                     text5        06B1
__ptext6                     text6        064C
__ptext7                     text7        0645
__ptext8                     text8        065F
__size_of_green_arrow        (abs)        0000
__size_of_initiate           (abs)        0000
__size_of_input_data         (abs)        0000
__size_of_input_high         (abs)        0000
__size_of_input_low          (abs)        0000
__size_of_latch_output       (abs)        0000
__size_of_main               (abs)        0000
__size_of_red_arrow          (abs)        0000
__size_of_serial_clock_pulse (abs)        0000
_green_arrow                 text3        070B
_initiate                    text2        0653
_input_data                  text5        06B1
_input_high                  text7        0645
_input_low                   text6        064C
_latch_output                text4        0675
_main                        maintext     068B
_red_arrow                   text1        0783
_serial_clock_pulse          text8        065F
btemp                        (abs)        007E
end_of_initialization        cinit        07FD
green_arrow@col              cstackCOMMON 0074
green_arrow@i                cstackCOMMON 0076
green_arrow@row              cstackCOMMON 0075
input_data@num               cstackCOMMON 0071
intlevel0                    functab      0000
intlevel1                    functab      0000
intlevel2                    functab      0000
intlevel3                    functab      0000
intlevel4                    functab      0000
intlevel5                    functab      0000
red_arrow@col                cstackCOMMON 0074
red_arrow@i                  cstackCOMMON 0076
red_arrow@row                cstackCOMMON 0075
reset_vec                    reset_vec    0000
start                        init         0000
start_initialization         cinit        07FD
wtemp0                       (abs)        007E


MODULE INFORMATION

Module		Function		Class		Link	Load	Size
Main.c
		_green_arrow   		CODE           	070B	0000	120
		_serial_clock_pulse		CODE           	065F	0000	22
		_red_arrow     		CODE           	0783	0000	122
		_initiate      		CODE           	0653	0000	12
		_main          		CODE           	068B	0000	38
		_input_low     		CODE           	064C	0000	7
		_input_high    		CODE           	0645	0000	7
		_latch_output  		CODE           	0675	0000	22
		_input_data    		CODE           	06B1	0000	90

Main.c estimated size: 440

shared
		__initialization		CODE           	07FD	0000	1

shared estimated size: 1

