Microchip MPLAB XC8 Compiler V2.32

Linker command line:

-W-3 --edf=C:\Program Files\Microchip\xc8\v2.32\pic\dat\en_msgs.txt -cn \
  -h+dist/default/production\Shift_Register_Testing.X.production.sym \
  --cmf=dist/default/production\Shift_Register_Testing.X.production.cmf -z \
  -Q16F690 -oC:\Users\X1\AppData\Local\Temp\xcAsdc0.4 \
  --defsym=__MPLAB_BUILD=1 \
  -Mdist/default/production/Shift_Register_Testing.X.production.map -E1 \
  -ver=XC8 Compiler --acfsm=1493 -ASTACK=020h-06Fh -pstack=STACK \
  -ACODE=00h-07FFhx2 -ASTRCODE=00h-0FFFh -ASTRING=00h-0FFhx16 \
  -ACONST=00h-0FFhx16 -AENTRY=00h-0FFhx16 -ACOMMON=070h-07Fh \
  -ABANK0=020h-06Fh -ABANK1=0A0h-0EFh -ABANK2=0120h-016Fh \
  -ARAM=020h-06Fh,0A0h-0EFh,0120h-016Fh \
  -AABS1=020h-07Fh,0A0h-0EFh,0120h-016Fh -ASFR0=00h-01Fh -ASFR1=080h-09Fh \
  -ASFR2=0100h-011Fh -ASFR3=0180h-01EFh -ACONFIG=02007h-02007h -DCONFIG=2 \
  -AIDLOC=02000h-02003h -DIDLOC=2 -AEEDATA=00h-0FFh/02100h \
  -peeprom_data=EEDATA -DEEDATA=2 -DCODE=2 -DSTRCODE=2 -DSTRING=2 -DCONST=2 \
  -DENTRY=2 -preset_vec=00h,intentry,init,end_init -ppowerup=CODE \
  -pcinit=CODE -pfunctab=ENTRY -k C:\Users\X1\AppData\Local\Temp\xcAsdc0.o \
  dist/default/production\Shift_Register_Testing.X.production.o 

Object code version is 3.11

Machine type is 16F690



                Name                               Link     Load   Length Selector   Space Scale
C:\Users\X1\AppData\Local\Temp\xcAsdc0.o
                end_init                              0        0        2        0       0
                config                             2007     2007        1        0       4
dist/default/production\Shift_Register_Testing.X.production.o
                cinit                               7FD      7FD        3      FFA       0
                config                             2007     2007        1        0       4
                text6                               70E      70E        C      E1C       0
                text5                               76F      76F       31      EDE       0
                text4                               700      700        7      E00       0
                text3                               707      707        7      E0E       0
                text2                               71A      71A       29      E34       0
                text1                               7A0      7A0       5D      F40       0
                maintext                            743      743       2C      E86       0
                cstackCOMMON                         70       70        9       70       1

TOTAL           Name                               Link     Load   Length     Space
        CLASS   STACK          

        CLASS   CODE           
                end_init                              0        0        2         0
                cinit                               7FD      7FD        3         0
                text6                               70E      70E        C         0
                text5                               76F      76F       31         0
                text4                               700      700        7         0
                text3                               707      707        7         0
                text2                               71A      71A       29         0
                text1                               7A0      7A0       5D         0
                maintext                            743      743       2C         0

        CLASS   STRCODE        

        CLASS   STRING         

        CLASS   CONST          

        CLASS   ENTRY          

        CLASS   COMMON         
                cstackCOMMON                         70       70        9         1

        CLASS   BANK0          

        CLASS   BANK1          

        CLASS   BANK2          

        CLASS   RAM            

        CLASS   ABS1           
                abs_s1                               7E       7E        2         1

        CLASS   SFR0           

        CLASS   SFR1           

        CLASS   SFR2           

        CLASS   SFR3           

        CLASS   CONFIG         
                config                             2007     2007        1         4

        CLASS   IDLOC          

        CLASS   EEDATA         

        CLASS   BANK3          



SEGMENTS        Name                           Load    Length   Top    Selector   Space  Class     Delta

                reset_vec                      000000  000002  000002         0       0  CODE        2
                cstackCOMMON                   000070  000009  000079        70       1  COMMON      1
                text4                          000700  000007  000707       E00       0  CODE        2
                text3                          000707  000007  00070E       E0E       0  CODE        2
                text6                          00070E  00000C  00071A       E1C       0  CODE        2
                text2                          00071A  000029  000743       E34       0  CODE        2
                maintext                       000743  00002C  00076F       E86       0  CODE        2
                text5                          00076F  000031  0007A0       EDE       0  CODE        2
                text1                          0007A0  00005D  0007FD       F40       0  CODE        2
                cinit                          0007FD  000003  000800       FFA       0  CODE        2


UNUSED ADDRESS RANGES

        Name                Unused          Largest block    Delta
        BANK0            0020-006F             50           1
        BANK1            00A0-00EF             50           1
        BANK2            0120-016F             50           1
        CODE             0002-06FF            6FE           2
                         0800-0FFF            800
        COMMON           0079-007D              5           1
        CONST            0002-06FF            100           2
                         0800-0FFF            100
        EEDATA           2100-21FF            100           2
        ENTRY            0002-06FF            100           2
                         0800-0FFF            100
        IDLOC            2000-2003              4           2
        RAM              0020-006F             50           1
                         00A0-00EF             50
                         0120-016F             50
        SFR0             0000-001F             20           1
        SFR1             0080-009F             20           1
        SFR2             0100-011F             20           1
        SFR3             0180-01EF             70           1
        STACK            0020-006F             50           1
        STRCODE          0002-06FF            6FE           2
                         0800-0FFF            800
        STRING           0002-06FF            100           2
                         0800-0FFF            100

                                  Symbol Table

_OSCCON                      (abs)        008F
_PORTBbits                   (abs)        0006
_PORTCbits                   (abs)        0007
_TRISB                       (abs)        0086
_TRISC                       (abs)        0087
__Habs1                      abs1         0000
__Hbank0                     bank0        0000
__Hbank1                     bank1        0000
__Hbank2                     bank2        0000
__Hbank3                     bank3        0000
__Hcinit                     cinit        0800
__Hclrtext                   clrtext      0000
__Hcode                      code         0000
__Hcommon                    common       0000
__Hconfig                    config       2008
__HcstackCOMMON              cstackCOMMON 0000
__Heeprom_data               eeprom_data  0000
__Hend_init                  end_init     0002
__Hfunctab                   functab      0000
__Hinit                      init         0000
__Hintentry                  intentry     0000
__Hmaintext                  maintext     0000
__Hpowerup                   powerup      0000
__Hram                       ram          0000
__Hreset_vec                 reset_vec    0000
__Hsfr0                      sfr0         0000
__Hsfr1                      sfr1         0000
__Hsfr2                      sfr2         0000
__Hsfr3                      sfr3         0000
__Hspace_0                   (abs)        0800
__Hspace_1                   (abs)        0079
__Hspace_2                   (abs)        0000
__Hspace_3                   (abs)        0000
__Hspace_4                   (abs)        400F
__Hstack                     stack        0000
__Hstrings                   strings      0000
__Htext                      text         0000
__Labs1                      abs1         0000
__Lbank0                     bank0        0000
__Lbank1                     bank1        0000
__Lbank2                     bank2        0000
__Lbank3                     bank3        0000
__Lcinit                     cinit        07FD
__Lclrtext                   clrtext      0000
__Lcode                      code         0000
__Lcommon                    common       0000
__Lconfig                    config       0000
__LcstackCOMMON              cstackCOMMON 0000
__Leeprom_data               eeprom_data  0000
__Lend_init                  end_init     0000
__Lfunctab                   functab      0000
__Linit                      init         0000
__Lintentry                  intentry     0000
__Lmaintext                  maintext     0000
__Lpowerup                   powerup      0000
__Lram                       ram          0000
__Lreset_vec                 reset_vec    0000
__Lsfr0                      sfr0         0000
__Lsfr1                      sfr1         0000
__Lsfr2                      sfr2         0000
__Lsfr3                      sfr3         0000
__Lspace_0                   (abs)        0000
__Lspace_1                   (abs)        0000
__Lspace_2                   (abs)        0000
__Lspace_3                   (abs)        0000
__Lspace_4                   (abs)        0000
__Lstack                     stack        0000
__Lstrings                   strings      0000
__Ltext                      text         0000
__S0                         (abs)        0800
__S1                         (abs)        0079
__S2                         (abs)        0000
__S3                         (abs)        0000
___int_sp                    stack        0000
___latbits                   (abs)        0001
___sp                        stack        0000
___stackhi                   (abs)        0000
___stacklo                   (abs)        0000
__end_of__initialization     cinit        07FD
__end_of_initiate            text6        071A
__end_of_input_data          text1        07FD
__end_of_input_high          text4        0707
__end_of_input_low           text3        070E
__end_of_latch_output        text2        0743
__end_of_main                maintext     076F
__end_of_serial_clock_pulse  text5        07A0
__initialization             cinit        07FD
__pcstackCOMMON              cstackCOMMON 0070
__pmaintext                  maintext     0743
__ptext1                     text1        07A0
__ptext2                     text2        071A
__ptext3                     text3        0707
__ptext4                     text4        0700
__ptext5                     text5        076F
__ptext6                     text6        070E
__size_of_initiate           (abs)        0000
__size_of_input_data         (abs)        0000
__size_of_input_high         (abs)        0000
__size_of_input_low          (abs)        0000
__size_of_latch_output       (abs)        0000
__size_of_main               (abs)        0000
__size_of_serial_clock_pulse (abs)        0000
_initiate                    text6        070E
_input_data                  text1        07A0
_input_high                  text4        0700
_input_low                   text3        0707
_latch_output                text2        071A
_main                        maintext     0743
_serial_clock_pulse          text5        076F
btemp                        (abs)        007E
end_of_initialization        cinit        07FD
input_data@num               cstackCOMMON 0073
intlevel0                    functab      0000
intlevel1                    functab      0000
intlevel2                    functab      0000
intlevel3                    functab      0000
intlevel4                    functab      0000
intlevel5                    functab      0000
main@i                       cstackCOMMON 0077
reset_vec                    reset_vec    0000
start                        init         0000
start_initialization         cinit        07FD
wtemp0                       (abs)        007E


MODULE INFORMATION

Module		Function		Class		Link	Load	Size
Main.c
		_serial_clock_pulse		CODE           	076F	0000	49
		_initiate      		CODE           	070E	0000	12
		_main          		CODE           	0743	0000	44
		_input_low     		CODE           	0707	0000	7
		_input_high    		CODE           	0700	0000	7
		_latch_output  		CODE           	071A	0000	41
		_input_data    		CODE           	07A0	0000	93

Main.c estimated size: 253

shared
		__initialization		CODE           	07FD	0000	1

shared estimated size: 1

